// Jest Snapshot v1, https://goo.gl/fbAQLP

exports[`MainContainer component MainContainer should take a snapshot: MainContainer 1`] = `
<DocumentFragment>
  <div
    class="container"
  >
    <h1>
      Random number generator 
      <sup
        class="warning tooltip"
        data-tooltip="Generator of random positive integers in a given range"
      >
        *
      </sup>
    </h1>
    <div
      class="container container--flex"
    >
      <div
        class="slot-wrapper"
      >
        <div
          class="slot"
        >
          <div
            class="slot__cell"
          >
            0
          </div>
          <div
            class="slot__cell"
          >
            1
          </div>
          <div
            class="slot__cell"
          >
            2
          </div>
          <div
            class="slot__cell"
          >
            3
          </div>
          <div
            class="slot__cell"
          >
            4
          </div>
          <div
            class="slot__cell"
          >
            5
          </div>
          <div
            class="slot__cell"
          >
            6
          </div>
          <div
            class="slot__cell"
          >
            7
          </div>
          <div
            class="slot__cell"
          >
            8
          </div>
          <div
            class="slot__cell"
          >
            9
          </div>
        </div>
      </div>
    </div>
    <form>
      <div
        class="container container--flex container--flex-mobile"
      >
        <div
          class="form-group"
        >
          <label
            class="form-label"
            for="From-0"
          >
            From
          </label>
          <input
            class="form-input"
            id="From-0"
            min="0"
            placeholder="Min value"
            required=""
            type="number"
          />
        </div>
        <div
          class="form-group"
        >
          <label
            class="form-label"
            for="To-1"
          >
            To
          </label>
          <input
            class="form-input"
            id="To-1"
            min="1"
            placeholder="Max value"
            required=""
            type="number"
          />
        </div>
      </div>
      <div
        class="container container--flex"
      >
        <button
          disabled=""
          title="Add limits first"
          type="submit"
        >
          Generate !
        </button>
      </div>
    </form>
  </div>
</DocumentFragment>
`;
